[19-Apr-2024 10:21:50 America/Mazatlan] PHP Fatal error:  Maximum execution time of 30 seconds exceeded in C:\inetpub\wwwroot\portabilidad\php\senderSPN.php on line 186
[22-Apr-2024 12:59:23 America/Mazatlan] PHP Warning:  Undefined array key "donador" in C:\inetpub\wwwroot\portabilidad\php\senderSPN.php on line 4
[22-Apr-2024 12:59:23 America/Mazatlan] PHP Warning:  Undefined array key "PortType" in C:\inetpub\wwwroot\portabilidad\php\senderSPN.php on line 5
[22-Apr-2024 12:59:23 America/Mazatlan] PHP Warning:  Undefined array key "ido" in C:\inetpub\wwwroot\portabilidad\php\senderSPN.php on line 6
[22-Apr-2024 12:59:23 America/Mazatlan] PHP Warning:  Undefined array key "TransTimestamp" in C:\inetpub\wwwroot\portabilidad\php\senderSPN.php on line 7
[22-Apr-2024 12:59:23 America/Mazatlan] PHP Warning:  Undefined array key "activoDesconectado" in C:\inetpub\wwwroot\portabilidad\php\senderSPN.php on line 8
[22-Apr-2024 12:59:23 America/Mazatlan] PHP Warning:  Undefined array key "numTel" in C:\inetpub\wwwroot\portabilidad\php\senderSPN.php on line 9
[22-Apr-2024 12:59:23 America/Mazatlan] PHP Warning:  Undefined array key "numTo" in C:\inetpub\wwwroot\portabilidad\php\senderSPN.php on line 10
[22-Apr-2024 12:59:23 America/Mazatlan] PHP Warning:  Undefined array key "numNip" in C:\inetpub\wwwroot\portabilidad\php\senderSPN.php on line 11
[22-Apr-2024 12:59:23 America/Mazatlan] PHP Warning:  Undefined array key "comentarios" in C:\inetpub\wwwroot\portabilidad\php\senderSPN.php on line 12
[22-Apr-2024 12:59:23 America/Mazatlan] PHP Warning:  Undefined array key "fechaTimeStamp" in C:\inetpub\wwwroot\portabilidad\php\senderSPN.php on line 13
[22-Apr-2024 12:59:23 America/Mazatlan] PHP Warning:  Undefined array key "flagRadio" in C:\inetpub\wwwroot\portabilidad\php\senderSPN.php on line 19
[22-Apr-2024 12:59:23 America/Mazatlan] PHP Warning:  Undefined array key "formFileSmIdentifica" in C:\inetpub\wwwroot\portabilidad\php\senderSPN.php on line 50
[22-Apr-2024 12:59:23 America/Mazatlan] PHP Warning:  Trying to access array offset on value of type null in C:\inetpub\wwwroot\portabilidad\php\senderSPN.php on line 50
[22-Apr-2024 12:59:23 America/Mazatlan] PHP Warning:  Undefined array key "formFileSmSolOriginal" in C:\inetpub\wwwroot\portabilidad\php\senderSPN.php on line 51
[22-Apr-2024 12:59:23 America/Mazatlan] PHP Warning:  Trying to access array offset on value of type null in C:\inetpub\wwwroot\portabilidad\php\senderSPN.php on line 51
[22-Apr-2024 12:59:23 America/Mazatlan] PHP Warning:  Undefined array key "formFileSmJurada" in C:\inetpub\wwwroot\portabilidad\php\senderSPN.php on line 52
[22-Apr-2024 12:59:23 America/Mazatlan] PHP Warning:  Trying to access array offset on value of type null in C:\inetpub\wwwroot\portabilidad\php\senderSPN.php on line 52
[22-Apr-2024 12:59:23 America/Mazatlan] PHP Warning:  Undefined array key "selectDocumentOne" in C:\inetpub\wwwroot\portabilidad\php\senderSPN.php on line 55
[22-Apr-2024 12:59:23 America/Mazatlan] PHP Warning:  Undefined array key "selectDocumentTwo" in C:\inetpub\wwwroot\portabilidad\php\senderSPN.php on line 56
[22-Apr-2024 12:59:23 America/Mazatlan] PHP Warning:  Undefined array key "selectDocumentThree" in C:\inetpub\wwwroot\portabilidad\php\senderSPN.php on line 57
[22-Apr-2024 12:59:23 America/Mazatlan] PHP Warning:  Undefined array key "formFileSmIdentifica" in C:\inetpub\wwwroot\portabilidad\php\senderSPN.php on line 69
[22-Apr-2024 12:59:23 America/Mazatlan] PHP Warning:  Trying to access array offset on value of type null in C:\inetpub\wwwroot\portabilidad\php\senderSPN.php on line 69
[22-Apr-2024 12:59:23 America/Mazatlan] PHP Warning:  Undefined array key "extension" in C:\inetpub\wwwroot\portabilidad\php\senderSPN.php on line 72
[22-Apr-2024 12:59:23 America/Mazatlan] PHP Warning:  Undefined array key "formFileSmIdentifica" in C:\inetpub\wwwroot\portabilidad\php\senderSPN.php on line 73
[22-Apr-2024 12:59:23 America/Mazatlan] PHP Warning:  Trying to access array offset on value of type null in C:\inetpub\wwwroot\portabilidad\php\senderSPN.php on line 73
[22-Apr-2024 12:59:23 America/Mazatlan] PHP Warning:  Undefined array key "formFileSmSolOriginal" in C:\inetpub\wwwroot\portabilidad\php\senderSPN.php on line 69
[22-Apr-2024 12:59:23 America/Mazatlan] PHP Warning:  Trying to access array offset on value of type null in C:\inetpub\wwwroot\portabilidad\php\senderSPN.php on line 69
[22-Apr-2024 12:59:23 America/Mazatlan] PHP Warning:  Undefined array key "extension" in C:\inetpub\wwwroot\portabilidad\php\senderSPN.php on line 72
[22-Apr-2024 12:59:23 America/Mazatlan] PHP Warning:  Undefined array key "formFileSmSolOriginal" in C:\inetpub\wwwroot\portabilidad\php\senderSPN.php on line 73
[22-Apr-2024 12:59:23 America/Mazatlan] PHP Warning:  Trying to access array offset on value of type null in C:\inetpub\wwwroot\portabilidad\php\senderSPN.php on line 73
[22-Apr-2024 12:59:23 America/Mazatlan] PHP Warning:  Undefined array key "formFileSmJurada" in C:\inetpub\wwwroot\portabilidad\php\senderSPN.php on line 69
[22-Apr-2024 12:59:23 America/Mazatlan] PHP Warning:  Trying to access array offset on value of type null in C:\inetpub\wwwroot\portabilidad\php\senderSPN.php on line 69
[22-Apr-2024 12:59:23 America/Mazatlan] PHP Warning:  Undefined array key "extension" in C:\inetpub\wwwroot\portabilidad\php\senderSPN.php on line 72
[22-Apr-2024 12:59:23 America/Mazatlan] PHP Warning:  Undefined array key "formFileSmJurada" in C:\inetpub\wwwroot\portabilidad\php\senderSPN.php on line 73
[22-Apr-2024 12:59:23 America/Mazatlan] PHP Warning:  Trying to access array offset on value of type null in C:\inetpub\wwwroot\portabilidad\php\senderSPN.php on line 73
[22-Apr-2024 12:59:23 America/Mazatlan] PHP Warning:  Undefined variable $TotalPhoneNums in C:\inetpub\wwwroot\portabilidad\php\senderSPN.php on line 144
[22-Apr-2024 12:59:23 America/Mazatlan] PHP Warning:  Undefined variable $TotalPhoneNums in C:\inetpub\wwwroot\portabilidad\php\senderSPN.php on line 189
